file_loaded: Coq.Init.Prelude, /home/quinn/.opam/default/lib/coq/theories/Init/Prelude.vo
file_loaded: Coq.Init.Notations, /home/quinn/.opam/default/lib/coq/theories/Init/Notations.vo
file_loaded: Coq.Init.Ltac, /home/quinn/.opam/default/lib/coq/theories/Init/Ltac.vo
file_loaded: Coq.Init.Logic, /home/quinn/.opam/default/lib/coq/theories/Init/Logic.vo
file_loaded: Coq.Init.Datatypes, /home/quinn/.opam/default/lib/coq/theories/Init/Datatypes.vo
file_loaded: Coq.Init.Logic_Type, /home/quinn/.opam/default/lib/coq/theories/Init/Logic_Type.vo
file_loaded: Coq.Init.Specif, /home/quinn/.opam/default/lib/coq/theories/Init/Specif.vo
file_loaded: Coq.Init.Decimal, /home/quinn/.opam/default/lib/coq/theories/Init/Decimal.vo
file_loaded: Coq.Init.Hexadecimal, /home/quinn/.opam/default/lib/coq/theories/Init/Hexadecimal.vo
file_loaded: Coq.Init.Number, /home/quinn/.opam/default/lib/coq/theories/Init/Number.vo
file_loaded: Coq.Init.Nat, /home/quinn/.opam/default/lib/coq/theories/Init/Nat.vo
file_loaded: Coq.Init.Byte, /home/quinn/.opam/default/lib/coq/theories/Init/Byte.vo
file_loaded: Coq.Init.Numeral, /home/quinn/.opam/default/lib/coq/theories/Init/Numeral.vo
file_loaded: Coq.Init.Peano, /home/quinn/.opam/default/lib/coq/theories/Init/Peano.vo
file_loaded: Coq.Init.Wf, /home/quinn/.opam/default/lib/coq/theories/Init/Wf.vo
file_loaded: Coq.Init.Tactics, /home/quinn/.opam/default/lib/coq/theories/Init/Tactics.vo
file_loaded: Coq.Init.Tauto, /home/quinn/.opam/default/lib/coq/theories/Init/Tauto.vo
Processing in master
Processed
üêìüêçüêìüêç Coq's initialization complete üêçüêìüêçüêì
Processing in master
Processed
file_loaded: Coq.micromega.Lia, /home/quinn/.opam/default/lib/coq/theories/micromega/Lia.vo
file_loaded: Coq.Program.Basics, /home/quinn/.opam/default/lib/coq/theories/Program/Basics.vo
file_loaded: Coq.Classes.Init, /home/quinn/.opam/default/lib/coq/theories/Classes/Init.vo
file_loaded: Coq.Program.Tactics, /home/quinn/.opam/default/lib/coq/theories/Program/Tactics.vo
file_loaded: Coq.Classes.CRelationClasses, /home/quinn/.opam/default/lib/coq/theories/Classes/CRelationClasses.vo
file_loaded: Coq.Relations.Relation_Definitions, /home/quinn/.opam/default/lib/coq/theories/Relations/Relation_Definitions.vo
file_loaded: Coq.Classes.CMorphisms, /home/quinn/.opam/default/lib/coq/theories/Classes/CMorphisms.vo
file_loaded: Coq.Classes.RelationClasses, /home/quinn/.opam/default/lib/coq/theories/Classes/RelationClasses.vo
file_loaded: Coq.Classes.Morphisms, /home/quinn/.opam/default/lib/coq/theories/Classes/Morphisms.vo
file_loaded: Coq.Classes.Morphisms_Prop, /home/quinn/.opam/default/lib/coq/theories/Classes/Morphisms_Prop.vo
file_loaded: Coq.Classes.Equivalence, /home/quinn/.opam/default/lib/coq/theories/Classes/Equivalence.vo
file_loaded: Coq.Classes.SetoidTactics, /home/quinn/.opam/default/lib/coq/theories/Classes/SetoidTactics.vo
file_loaded: Coq.ssr.ssrclasses, /home/quinn/.opam/default/lib/coq/theories/ssr/ssrclasses.vo
file_loaded: Coq.ssr.ssrunder, /home/quinn/.opam/default/lib/coq/theories/ssr/ssrunder.vo
file_loaded: Coq.ssr.ssrsetoid, /home/quinn/.opam/default/lib/coq/theories/ssr/ssrsetoid.vo
file_loaded: Coq.Setoids.Setoid, /home/quinn/.opam/default/lib/coq/theories/Setoids/Setoid.vo
file_loaded: Coq.Bool.Bool, /home/quinn/.opam/default/lib/coq/theories/Bool/Bool.vo
file_loaded: Coq.Structures.Equalities, /home/quinn/.opam/default/lib/coq/theories/Structures/Equalities.vo
file_loaded: Coq.Relations.Relation_Operators, /home/quinn/.opam/default/lib/coq/theories/Relations/Relation_Operators.vo
file_loaded: Coq.Relations.Operators_Properties, /home/quinn/.opam/default/lib/coq/theories/Relations/Operators_Properties.vo
file_loaded: Coq.Relations.Relations, /home/quinn/.opam/default/lib/coq/theories/Relations/Relations.vo
file_loaded: Coq.Structures.Orders, /home/quinn/.opam/default/lib/coq/theories/Structures/Orders.vo
file_loaded: Coq.Numbers.NumPrelude, /home/quinn/.opam/default/lib/coq/theories/Numbers/NumPrelude.vo
file_loaded: Coq.Structures.OrdersTac, /home/quinn/.opam/default/lib/coq/theories/Structures/OrdersTac.vo
file_loaded: Coq.Structures.OrdersFacts, /home/quinn/.opam/default/lib/coq/theories/Structures/OrdersFacts.vo
file_loaded: Coq.Structures.GenericMinMax, /home/quinn/.opam/default/lib/coq/theories/Structures/GenericMinMax.vo
file_loaded: Coq.Numbers.NatInt.NZAxioms, /home/quinn/.opam/default/lib/coq/theories/Numbers/NatInt/NZAxioms.vo
file_loaded: Coq.Numbers.NatInt.NZBase, /home/quinn/.opam/default/lib/coq/theories/Numbers/NatInt/NZBase.vo
file_loaded: Coq.Numbers.NatInt.NZAdd, /home/quinn/.opam/default/lib/coq/theories/Numbers/NatInt/NZAdd.vo
file_loaded: Coq.Numbers.NatInt.NZMul, /home/quinn/.opam/default/lib/coq/theories/Numbers/NatInt/NZMul.vo
file_loaded: Coq.Logic.Decidable, /home/quinn/.opam/default/lib/coq/theories/Logic/Decidable.vo
file_loaded: Coq.Numbers.NatInt.NZOrder, /home/quinn/.opam/default/lib/coq/theories/Numbers/NatInt/NZOrder.vo
file_loaded: Coq.Numbers.NatInt.NZAddOrder, /home/quinn/.opam/default/lib/coq/theories/Numbers/NatInt/NZAddOrder.vo
file_loaded: Coq.Numbers.NatInt.NZMulOrder, /home/quinn/.opam/default/lib/coq/theories/Numbers/NatInt/NZMulOrder.vo
file_loaded: Coq.Numbers.NatInt.NZParity, /home/quinn/.opam/default/lib/coq/theories/Numbers/NatInt/NZParity.vo
file_loaded: Coq.Numbers.NatInt.NZPow, /home/quinn/.opam/default/lib/coq/theories/Numbers/NatInt/NZPow.vo
file_loaded: Coq.Numbers.NatInt.NZSqrt, /home/quinn/.opam/default/lib/coq/theories/Numbers/NatInt/NZSqrt.vo
file_loaded: Coq.Numbers.NatInt.NZLog, /home/quinn/.opam/default/lib/coq/theories/Numbers/NatInt/NZLog.vo
file_loaded: Coq.Numbers.NatInt.NZDiv, /home/quinn/.opam/default/lib/coq/theories/Numbers/NatInt/NZDiv.vo
file_loaded: Coq.Numbers.NatInt.NZGcd, /home/quinn/.opam/default/lib/coq/theories/Numbers/NatInt/NZGcd.vo
file_loaded: Coq.Numbers.NatInt.NZBits, /home/quinn/.opam/default/lib/coq/theories/Numbers/NatInt/NZBits.vo
file_loaded: Coq.Numbers.Natural.Abstract.NAxioms, /home/quinn/.opam/default/lib/coq/theories/Numbers/Natural/Abstract/NAxioms.vo
file_loaded: Coq.Numbers.NatInt.NZProperties, /home/quinn/.opam/default/lib/coq/theories/Numbers/NatInt/NZProperties.vo
file_loaded: Coq.Numbers.Natural.Abstract.NBase, /home/quinn/.opam/default/lib/coq/theories/Numbers/Natural/Abstract/NBase.vo
file_loaded: Coq.Numbers.Natural.Abstract.NAdd, /home/quinn/.opam/default/lib/coq/theories/Numbers/Natural/Abstract/NAdd.vo
file_loaded: Coq.Numbers.Natural.Abstract.NOrder, /home/quinn/.opam/default/lib/coq/theories/Numbers/Natural/Abstract/NOrder.vo
file_loaded: Coq.Numbers.Natural.Abstract.NAddOrder, /home/quinn/.opam/default/lib/coq/theories/Numbers/Natural/Abstract/NAddOrder.vo
file_loaded: Coq.Numbers.Natural.Abstract.NMulOrder, /home/quinn/.opam/default/lib/coq/theories/Numbers/Natural/Abstract/NMulOrder.vo
file_loaded: Coq.Numbers.Natural.Abstract.NSub, /home/quinn/.opam/default/lib/coq/theories/Numbers/Natural/Abstract/NSub.vo
file_loaded: Coq.Numbers.Natural.Abstract.NMaxMin, /home/quinn/.opam/default/lib/coq/theories/Numbers/Natural/Abstract/NMaxMin.vo
file_loaded: Coq.Numbers.Natural.Abstract.NParity, /home/quinn/.opam/default/lib/coq/theories/Numbers/Natural/Abstract/NParity.vo
file_loaded: Coq.Numbers.Natural.Abstract.NPow, /home/quinn/.opam/default/lib/coq/theories/Numbers/Natural/Abstract/NPow.vo
file_loaded: Coq.Numbers.Natural.Abstract.NSqrt, /home/quinn/.opam/default/lib/coq/theories/Numbers/Natural/Abstract/NSqrt.vo
file_loaded: Coq.Numbers.Natural.Abstract.NLog, /home/quinn/.opam/default/lib/coq/theories/Numbers/Natural/Abstract/NLog.vo
file_loaded: Coq.Numbers.Natural.Abstract.NDiv, /home/quinn/.opam/default/lib/coq/theories/Numbers/Natural/Abstract/NDiv.vo
file_loaded: Coq.Numbers.Natural.Abstract.NGcd, /home/quinn/.opam/default/lib/coq/theories/Numbers/Natural/Abstract/NGcd.vo
file_loaded: Coq.Numbers.Natural.Abstract.NLcm, /home/quinn/.opam/default/lib/coq/theories/Numbers/Natural/Abstract/NLcm.vo
file_loaded: Coq.Numbers.Natural.Abstract.NBits, /home/quinn/.opam/default/lib/coq/theories/Numbers/Natural/Abstract/NBits.vo
file_loaded: Coq.Numbers.Natural.Abstract.NProperties, /home/quinn/.opam/default/lib/coq/theories/Numbers/Natural/Abstract/NProperties.vo
file_loaded: Coq.Arith.PeanoNat, /home/quinn/.opam/default/lib/coq/theories/Arith/PeanoNat.vo
file_loaded: Coq.Arith.Le, /home/quinn/.opam/default/lib/coq/theories/Arith/Le.vo
file_loaded: Coq.Arith.Lt, /home/quinn/.opam/default/lib/coq/theories/Arith/Lt.vo
file_loaded: Coq.Arith.Plus, /home/quinn/.opam/default/lib/coq/theories/Arith/Plus.vo
file_loaded: Coq.Arith.Gt, /home/quinn/.opam/default/lib/coq/theories/Arith/Gt.vo
file_loaded: Coq.Arith.Minus, /home/quinn/.opam/default/lib/coq/theories/Arith/Minus.vo
file_loaded: Coq.Lists.List, /home/quinn/.opam/default/lib/coq/theories/Lists/List.vo
file_loaded: Coq.Numbers.BinNums, /home/quinn/.opam/default/lib/coq/theories/Numbers/BinNums.vo
file_loaded: Coq.Logic.EqdepFacts, /home/quinn/.opam/default/lib/coq/theories/Logic/EqdepFacts.vo
file_loaded: Coq.Logic.Eqdep_dec, /home/quinn/.opam/default/lib/coq/theories/Logic/Eqdep_dec.vo
file_loaded: Coq.PArith.BinPosDef, /home/quinn/.opam/default/lib/coq/theories/PArith/BinPosDef.vo
file_loaded: Coq.PArith.BinPos, /home/quinn/.opam/default/lib/coq/theories/PArith/BinPos.vo
file_loaded: Coq.NArith.BinNatDef, /home/quinn/.opam/default/lib/coq/theories/NArith/BinNatDef.vo
file_loaded: Coq.NArith.BinNat, /home/quinn/.opam/default/lib/coq/theories/NArith/BinNat.vo
file_loaded: Coq.setoid_ring.Ring_theory, /home/quinn/.opam/default/lib/coq/theories/setoid_ring/Ring_theory.vo
file_loaded: Coq.setoid_ring.BinList, /home/quinn/.opam/default/lib/coq/theories/setoid_ring/BinList.vo
file_loaded: Coq.PArith.Pnat, /home/quinn/.opam/default/lib/coq/theories/PArith/Pnat.vo
file_loaded: Coq.Numbers.Integer.Abstract.ZAxioms, /home/quinn/.opam/default/lib/coq/theories/Numbers/Integer/Abstract/ZAxioms.vo
file_loaded: Coq.Numbers.Integer.Abstract.ZBase, /home/quinn/.opam/default/lib/coq/theories/Numbers/Integer/Abstract/ZBase.vo
file_loaded: Coq.Numbers.Integer.Abstract.ZAdd, /home/quinn/.opam/default/lib/coq/theories/Numbers/Integer/Abstract/ZAdd.vo
file_loaded: Coq.Numbers.Integer.Abstract.ZMul, /home/quinn/.opam/default/lib/coq/theories/Numbers/Integer/Abstract/ZMul.vo
file_loaded: Coq.Numbers.Integer.Abstract.ZLt, /home/quinn/.opam/default/lib/coq/theories/Numbers/Integer/Abstract/ZLt.vo
file_loaded: Coq.Numbers.Integer.Abstract.ZAddOrder, /home/quinn/.opam/default/lib/coq/theories/Numbers/Integer/Abstract/ZAddOrder.vo
file_loaded: Coq.Numbers.Integer.Abstract.ZMulOrder, /home/quinn/.opam/default/lib/coq/theories/Numbers/Integer/Abstract/ZMulOrder.vo
file_loaded: Coq.Numbers.Integer.Abstract.ZMaxMin, /home/quinn/.opam/default/lib/coq/theories/Numbers/Integer/Abstract/ZMaxMin.vo
file_loaded: Coq.Numbers.Integer.Abstract.ZSgnAbs, /home/quinn/.opam/default/lib/coq/theories/Numbers/Integer/Abstract/ZSgnAbs.vo
file_loaded: Coq.Numbers.Integer.Abstract.ZParity, /home/quinn/.opam/default/lib/coq/theories/Numbers/Integer/Abstract/ZParity.vo
file_loaded: Coq.Numbers.Integer.Abstract.ZPow, /home/quinn/.opam/default/lib/coq/theories/Numbers/Integer/Abstract/ZPow.vo
file_loaded: Coq.Numbers.Integer.Abstract.ZDivTrunc, /home/quinn/.opam/default/lib/coq/theories/Numbers/Integer/Abstract/ZDivTrunc.vo
file_loaded: Coq.Numbers.Integer.Abstract.ZDivFloor, /home/quinn/.opam/default/lib/coq/theories/Numbers/Integer/Abstract/ZDivFloor.vo
file_loaded: Coq.Numbers.Integer.Abstract.ZGcd, /home/quinn/.opam/default/lib/coq/theories/Numbers/Integer/Abstract/ZGcd.vo
file_loaded: Coq.Numbers.Integer.Abstract.ZLcm, /home/quinn/.opam/default/lib/coq/theories/Numbers/Integer/Abstract/ZLcm.vo
file_loaded: Coq.Numbers.Integer.Abstract.ZBits, /home/quinn/.opam/default/lib/coq/theories/Numbers/Integer/Abstract/ZBits.vo
file_loaded: Coq.Numbers.Integer.Abstract.ZProperties, /home/quinn/.opam/default/lib/coq/theories/Numbers/Integer/Abstract/ZProperties.vo
file_loaded: Coq.ZArith.BinIntDef, /home/quinn/.opam/default/lib/coq/theories/ZArith/BinIntDef.vo
file_loaded: Coq.ZArith.BinInt, /home/quinn/.opam/default/lib/coq/theories/ZArith/BinInt.vo
file_loaded: Coq.setoid_ring.Ring_polynom, /home/quinn/.opam/default/lib/coq/theories/setoid_ring/Ring_polynom.vo
file_loaded: Coq.Lists.ListTactics, /home/quinn/.opam/default/lib/coq/theories/Lists/ListTactics.vo
file_loaded: Coq.ZArith.Zeven, /home/quinn/.opam/default/lib/coq/theories/ZArith/Zeven.vo
file_loaded: Coq.Arith.Mult, /home/quinn/.opam/default/lib/coq/theories/Arith/Mult.vo
file_loaded: Coq.ZArith.Zcompare, /home/quinn/.opam/default/lib/coq/theories/ZArith/Zcompare.vo
file_loaded: Coq.Arith.Between, /home/quinn/.opam/default/lib/coq/theories/Arith/Between.vo
file_loaded: Coq.Arith.Peano_dec, /home/quinn/.opam/default/lib/coq/theories/Arith/Peano_dec.vo
file_loaded: Coq.Arith.Compare_dec, /home/quinn/.opam/default/lib/coq/theories/Arith/Compare_dec.vo
file_loaded: Coq.Arith.Factorial, /home/quinn/.opam/default/lib/coq/theories/Arith/Factorial.vo
file_loaded: Coq.Arith.EqNat, /home/quinn/.opam/default/lib/coq/theories/Arith/EqNat.vo
file_loaded: Coq.Arith.Wf_nat, /home/quinn/.opam/default/lib/coq/theories/Arith/Wf_nat.vo
file_loaded: Coq.Arith.Arith_base, /home/quinn/.opam/default/lib/coq/theories/Arith/Arith_base.vo
file_loaded: Coq.ZArith.Zorder, /home/quinn/.opam/default/lib/coq/theories/ZArith/Zorder.vo
file_loaded: Coq.Bool.Sumbool, /home/quinn/.opam/default/lib/coq/theories/Bool/Sumbool.vo
file_loaded: Coq.ZArith.ZArith_dec, /home/quinn/.opam/default/lib/coq/theories/ZArith/ZArith_dec.vo
file_loaded: Coq.ZArith.Zbool, /home/quinn/.opam/default/lib/coq/theories/ZArith/Zbool.vo
file_loaded: Coq.setoid_ring.InitialRing, /home/quinn/.opam/default/lib/coq/theories/setoid_ring/InitialRing.vo
file_loaded: Coq.setoid_ring.Ring_tac, /home/quinn/.opam/default/lib/coq/theories/setoid_ring/Ring_tac.vo
file_loaded: Coq.setoid_ring.Ring_base, /home/quinn/.opam/default/lib/coq/theories/setoid_ring/Ring_base.vo
file_loaded: Coq.setoid_ring.Ring, /home/quinn/.opam/default/lib/coq/theories/setoid_ring/Ring.vo
file_loaded: Coq.micromega.OrderedRing, /home/quinn/.opam/default/lib/coq/theories/micromega/OrderedRing.vo
file_loaded: Coq.NArith.Nnat, /home/quinn/.opam/default/lib/coq/theories/NArith/Nnat.vo
file_loaded: Coq.NArith.Ndiv_def, /home/quinn/.opam/default/lib/coq/theories/NArith/Ndiv_def.vo
file_loaded: Coq.NArith.Nsqrt_def, /home/quinn/.opam/default/lib/coq/theories/NArith/Nsqrt_def.vo
file_loaded: Coq.NArith.Ngcd_def, /home/quinn/.opam/default/lib/coq/theories/NArith/Ngcd_def.vo
file_loaded: Coq.Vectors.Fin, /home/quinn/.opam/default/lib/coq/theories/Vectors/Fin.vo
file_loaded: Coq.Vectors.VectorDef, /home/quinn/.opam/default/lib/coq/theories/Vectors/VectorDef.vo
file_loaded: Coq.Vectors.VectorSpec, /home/quinn/.opam/default/lib/coq/theories/Vectors/VectorSpec.vo
file_loaded: Coq.Vectors.VectorEq, /home/quinn/.opam/default/lib/coq/theories/Vectors/VectorEq.vo
file_loaded: Coq.Vectors.Vector, /home/quinn/.opam/default/lib/coq/theories/Vectors/Vector.vo
file_loaded: Coq.Bool.Bvector, /home/quinn/.opam/default/lib/coq/theories/Bool/Bvector.vo
file_loaded: Coq.Strings.Byte, /home/quinn/.opam/default/lib/coq/theories/Strings/Byte.vo
file_loaded: Coq.Strings.Ascii, /home/quinn/.opam/default/lib/coq/theories/Strings/Ascii.vo
file_loaded: Coq.setoid_ring.ArithRing, /home/quinn/.opam/default/lib/coq/theories/setoid_ring/ArithRing.vo
file_loaded: Coq.Arith.Arith, /home/quinn/.opam/default/lib/coq/theories/Arith/Arith.vo
file_loaded: Coq.Strings.String, /home/quinn/.opam/default/lib/coq/theories/Strings/String.vo
file_loaded: Coq.Strings.ByteVector, /home/quinn/.opam/default/lib/coq/theories/Strings/ByteVector.vo
file_loaded: Coq.NArith.Ndigits, /home/quinn/.opam/default/lib/coq/theories/NArith/Ndigits.vo
file_loaded: Coq.setoid_ring.NArithRing, /home/quinn/.opam/default/lib/coq/theories/setoid_ring/NArithRing.vo
file_loaded: Coq.NArith.NArith, /home/quinn/.opam/default/lib/coq/theories/NArith/NArith.vo
file_loaded: Coq.micromega.Env, /home/quinn/.opam/default/lib/coq/theories/micromega/Env.vo
file_loaded: Coq.micromega.EnvRing, /home/quinn/.opam/default/lib/coq/theories/micromega/EnvRing.vo
file_loaded: Coq.micromega.Refl, /home/quinn/.opam/default/lib/coq/theories/micromega/Refl.vo
file_loaded: Coq.micromega.Tauto, /home/quinn/.opam/default/lib/coq/theories/micromega/Tauto.vo
file_loaded: Coq.micromega.RingMicromega, /home/quinn/.opam/default/lib/coq/theories/micromega/RingMicromega.vo
file_loaded: Coq.ZArith.Zminmax, /home/quinn/.opam/default/lib/coq/theories/ZArith/Zminmax.vo
file_loaded: Coq.ZArith.Zmin, /home/quinn/.opam/default/lib/coq/theories/ZArith/Zmin.vo
file_loaded: Coq.ZArith.Zmax, /home/quinn/.opam/default/lib/coq/theories/ZArith/Zmax.vo
file_loaded: Coq.ZArith.Znat, /home/quinn/.opam/default/lib/coq/theories/ZArith/Znat.vo
file_loaded: Coq.ZArith.Zabs, /home/quinn/.opam/default/lib/coq/theories/ZArith/Zabs.vo
file_loaded: Coq.ZArith.auxiliary, /home/quinn/.opam/default/lib/coq/theories/ZArith/auxiliary.vo
file_loaded: Coq.ZArith.Zmisc, /home/quinn/.opam/default/lib/coq/theories/ZArith/Zmisc.vo
file_loaded: Coq.ZArith.Wf_Z, /home/quinn/.opam/default/lib/coq/theories/ZArith/Wf_Z.vo
file_loaded: Coq.ZArith.Zhints, /home/quinn/.opam/default/lib/coq/theories/ZArith/Zhints.vo
file_loaded: Coq.ZArith.ZArith_base, /home/quinn/.opam/default/lib/coq/theories/ZArith/ZArith_base.vo
file_loaded: Coq.ZArith.Zpow_def, /home/quinn/.opam/default/lib/coq/theories/ZArith/Zpow_def.vo
file_loaded: Coq.setoid_ring.ZArithRing, /home/quinn/.opam/default/lib/coq/theories/setoid_ring/ZArithRing.vo
file_loaded: Coq.micromega.ZCoeff, /home/quinn/.opam/default/lib/coq/theories/micromega/ZCoeff.vo
file_loaded: Coq.micromega.Ztac, /home/quinn/.opam/default/lib/coq/theories/micromega/Ztac.vo
file_loaded: Coq.Arith.Max, /home/quinn/.opam/default/lib/coq/theories/Arith/Max.vo
file_loaded: Coq.Arith.Min, /home/quinn/.opam/default/lib/coq/theories/Arith/Min.vo
file_loaded: Coq.micromega.ZifyClasses, /home/quinn/.opam/default/lib/coq/theories/micromega/ZifyClasses.vo
file_loaded: Coq.micromega.ZifyInst, /home/quinn/.opam/default/lib/coq/theories/micromega/ZifyInst.vo
file_loaded: Coq.micromega.Zify, /home/quinn/.opam/default/lib/coq/theories/micromega/Zify.vo
file_loaded: Coq.omega.PreOmega, /home/quinn/.opam/default/lib/coq/theories/omega/PreOmega.vo
file_loaded: Coq.ZArith.Zcomplements, /home/quinn/.opam/default/lib/coq/theories/ZArith/Zcomplements.vo
file_loaded: Coq.ZArith.Zdiv, /home/quinn/.opam/default/lib/coq/theories/ZArith/Zdiv.vo
file_loaded: Coq.ZArith.Znumtheory, /home/quinn/.opam/default/lib/coq/theories/ZArith/Znumtheory.vo
file_loaded: Coq.QArith.QArith_base, /home/quinn/.opam/default/lib/coq/theories/QArith/QArith_base.vo
file_loaded: Coq.setoid_ring.Field_theory, /home/quinn/.opam/default/lib/coq/theories/setoid_ring/Field_theory.vo
file_loaded: Coq.setoid_ring.Field_tac, /home/quinn/.opam/default/lib/coq/theories/setoid_ring/Field_tac.vo
file_loaded: Coq.setoid_ring.Field, /home/quinn/.opam/default/lib/coq/theories/setoid_ring/Field.vo
file_loaded: Coq.QArith.Qfield, /home/quinn/.opam/default/lib/coq/theories/QArith/Qfield.vo
file_loaded: Coq.QArith.Qring, /home/quinn/.opam/default/lib/coq/theories/QArith/Qring.vo
file_loaded: Coq.QArith.Qreduction, /home/quinn/.opam/default/lib/coq/theories/QArith/Qreduction.vo
file_loaded: Coq.QArith.QArith, /home/quinn/.opam/default/lib/coq/theories/QArith/QArith.vo
file_loaded: Coq.micromega.VarMap, /home/quinn/.opam/default/lib/coq/theories/micromega/VarMap.vo
file_loaded: Coq.micromega.ZMicromega, /home/quinn/.opam/default/lib/coq/theories/micromega/ZMicromega.vo
file_loaded: Coq.micromega.DeclConstant, /home/quinn/.opam/default/lib/coq/theories/micromega/DeclConstant.vo
Processed
Processing in master
Processing in master
Processing in master
Processed
Processed
Processed
Processed
Processed
sh: 1: dot: not found
Processed
